<Level>
    <EditorSession>
        <Performance CamClipPlanes="0.05 1000" LightsActive="true" PSActive="true" ShowFog="true" ShowSkybox="true" WorldReflection="true" />
        <ViewportConfig BGColor="0.2 0.2 0.2 1" GAmbientLight="false" GPointLight="false" GridSnap="true" GridSnapSeparation="0.25" SelectedViewport="3" UsingEnlargedViewport="true">
            <Viewport CameraPosition="0 0 180" CameraTarget="0 0 0" CameraZoom="0" GridHeight="0" GridPlane="2" Preset="0" RenderMode="1" ShowAxes="true" ShowGrid="true" UsingLTCam="true" />
            <Viewport CameraPosition="180 0 0" CameraTarget="0 0 0" CameraZoom="0" GridHeight="0" GridPlane="0" Preset="1" RenderMode="1" ShowAxes="true" ShowGrid="true" UsingLTCam="true" />
            <Viewport CameraPosition="0 180 0" CameraTarget="0 0 0" CameraZoom="0" GridHeight="0" GridPlane="1" Preset="2" RenderMode="1" ShowAxes="true" ShowGrid="true" UsingLTCam="true" />
            <Viewport CameraPosition="3.38645 6.24518 -0.583723" CameraTarget="0.136467 1.19209e-007 -0.741741" CameraZoom="1.96013" GridHeight="0" GridPlane="1" Preset="3" RenderMode="0" ShowAxes="true" ShowGrid="true" UsingLTCam="true" />
        </ViewportConfig>
        <Groups>
            <Group ID="0" Name="None" Visible="true" />
        </Groups>
    </EditorSession>
    <MapData FogActive="false" FogColor="1 1 1 1" FogCulling="true" FogEnd="20" FogFalloffExp="1" FogStart="0" GlobalDecalMaxTris="300" Name="" SkyBoxActive="false" SkyBoxColor="1 1 1 1" SkyBoxTexture="../../../../../../">
        <MapContents>
            <FileIndex_StaticObjects NumOfFiles="2">
                <File Id="0" Path="static_objects/castlebase/floor/deafult.dae" />
                <File Id="1" Path="static_objects/mansionbase/wall/default.dae" />
            </FileIndex_StaticObjects>
            <FileIndex_Entities NumOfFiles="1">
                <File Id="0" Path="entities/enemy/servant_grunt/servant_grunt.ent" />
            </FileIndex_Entities>
            <FileIndex_Decals NumOfFiles="0" />
            <StaticObjects>
                <StaticObject CastShadows="true" Collides="true" FileIndex="0" Group="0" ID="1" Name="floor_deafult_1" Rotation="0 0 0" Scale="1 1 1" Tag="" WorldPos="0 0 0" />
                <StaticObject CastShadows="true" Collides="true" FileIndex="0" Group="0" ID="2" Name="floor_deafult_2" Rotation="0 0 0" Scale="1 1 1" Tag="" WorldPos="2 0 0" />
                <StaticObject CastShadows="true" Collides="true" FileIndex="0" Group="0" ID="3" Name="floor_deafult_3" Rotation="0 0 0" Scale="1 1 1" Tag="" WorldPos="0 0 2" />
                <StaticObject CastShadows="true" Collides="true" FileIndex="0" Group="0" ID="4" Name="floor_deafult_4" Rotation="0 0 0" Scale="1 1 1" Tag="" WorldPos="2 0 2" />
                <StaticObject CastShadows="true" Collides="true" FileIndex="0" Group="0" ID="5" Name="floor_deafult_5" Rotation="0 0 0" Scale="1 1 1" Tag="" WorldPos="2 0 -2" />
                <StaticObject CastShadows="true" Collides="true" FileIndex="0" Group="0" ID="6" Name="floor_deafult_6" Rotation="0 0 0" Scale="1 1 1" Tag="" WorldPos="0 0 -2" />
                <StaticObject CastShadows="true" Collides="true" FileIndex="0" Group="0" ID="7" Name="floor_deafult_7" Rotation="0 0 0" Scale="1 1 1" Tag="" WorldPos="-2 0 -2" />
                <StaticObject CastShadows="true" Collides="true" FileIndex="0" Group="0" ID="8" Name="floor_deafult_8" Rotation="0 0 0" Scale="1 1 1" Tag="" WorldPos="-2 0 0" />
                <StaticObject CastShadows="true" Collides="true" FileIndex="0" Group="0" ID="9" Name="floor_deafult_9" Rotation="0 0 0" Scale="1 1 1" Tag="" WorldPos="-2 0 2" />
                <StaticObject CastShadows="true" Collides="true" FileIndex="1" Group="0" ID="13" Name="wall_default_1" Rotation="3.14159 4.44253e-006 3.14159" Scale="1 1 1" Tag="" WorldPos="0.25 0 1" />
            </StaticObjects>
            <Primitives />
            <Decals />
            <Entities>
                <Area Active="true" AreaType="PlayerStart" Group="0" ID="10" Mesh="" Name="PlayerStartArea_1" Rotation="0 0 0" Scale="1 1 1" Tag="" WorldPos="0 0 0">
                    <UserVariables />
                </Area>
                <Entity Active="true" FileIndex="0" Group="0" ID="11" Name="servant_grunt_1" Rotation="0 0 0" Scale="1 1 1" Tag="" WorldPos="-0.25 0 1.75">
                    <UserVariables>
                        <Var Name="CallbackFunc" Value="" />
                        <Var Name="DisableTriggers" Value="false" />
                        <Var Name="Hallucination" Value="false" />
                        <Var Name="HallucinationEndDist" Value="3" />
                    </UserVariables>
                </Entity>
                <BoxLight Active="true" BlendFunc="0" CastShadows="false" DiffuseColor="1 1 1 1" FalloffMap="" FlickerActive="false" FlickerFade="false" FlickerOffColor="0 0 0 1" FlickerOffFadeMaxLength="0" FlickerOffFadeMinLength="0" FlickerOffMaxLength="0" FlickerOffMinLength="0" FlickerOffPS="" FlickerOffRadius="0" FlickerOffSound="" FlickerOnFadeMaxLength="0" FlickerOnFadeMinLength="0" FlickerOnMaxLength="0" FlickerOnMinLength="0" FlickerOnPS="" FlickerOnSound="" Gobo="" GoboAnimFrameTime="0" GoboAnimMode="None" Group="0" ID="14" Name="BoxLight_1" Radius="1" Rotation="0 0 0" Scale="8.25 3.5 7.25" ShadowResolution="High" ShadowsAffectDynamic="true" ShadowsAffectStatic="true" Size="8.25 3.5 7.25" Tag="" WorldPos="0 1.25 0" />
            </Entities>
            <Misc />
            <StaticObjectCombos />
        </MapContents>
    </MapData>
</Level>
